
> pigment-order-matcher@0.1.0 start
> react-scripts start

Starting the development server...

Compiled successfully!

You can now view pigment-order-matcher in the browser.

  Local:            http://localhost:3000
  On Your Network:  http://192.168.200.129:3000

Note that the development build is not optimized.
To create a production build, use npm run build.

webpack compiled [1m[32msuccessfully[39m[22m
Compiling...
Compiled successfully!
webpack compiled [1m[32msuccessfully[39m[22m
Compiling...
Compiled successfully!
webpack compiled [1m[32msuccessfully[39m[22m
Compiling...
Compiled successfully!
webpack compiled [1m[32msuccessfully[39m[22m
Compiling...
Compiled successfully!
webpack compiled [1m[32msuccessfully[39m[22m
Compiling...
Compiled successfully!
webpack compiled [1m[32msuccessfully[39m[22m
Compiling...
Compiled successfully!
webpack compiled [1m[32msuccessfully[39m[22m
Compiling...
Compiled successfully!
webpack compiled [1m[32msuccessfully[39m[22m
Compiling...
Compiled successfully!
webpack compiled [1m[32msuccessfully[39m[22m
Compiling...
Compiled successfully!
webpack compiled [1m[32msuccessfully[39m[22m
Compiling...
Compiled successfully!
webpack compiled [1m[32msuccessfully[39m[22m
Compiling...
Compiled successfully!
webpack compiled [1m[32msuccessfully[39m[22m
Compiling...
Compiled with warnings.

[eslint] 
src\components\ResultsTabs.jsx
  Line 9:7:  'lotTestMeta' is assigned a value but never used  no-unused-vars

Search for the keywords to learn more about each warning.
To ignore, add // eslint-disable-next-line to the line before.

[1m[33mWARNING[39m[22m in [1m[eslint] 
src\components\ResultsTabs.jsx
  Line 9:7:  'lotTestMeta' is assigned a value but never used  no-unused-vars

[39m[22m

webpack compiled with [1m[33m1 warning[39m[22m
Compiling...
Compiled successfully!
webpack compiled [1m[32msuccessfully[39m[22m
Compiling...
Compiled successfully!
webpack compiled [1m[32msuccessfully[39m[22m
Compiling...
Compiled successfully!
webpack compiled [1m[32msuccessfully[39m[22m
Compiling...
Compiled successfully!
webpack compiled [1m[32msuccessfully[39m[22m
Compiling...
Compiled with warnings.

[eslint] 
src\Dashboard.jsx
  Line 20:7:  'perceptRank' is assigned a value but never used  no-unused-vars

Search for the keywords to learn more about each warning.
To ignore, add // eslint-disable-next-line to the line before.

[1m[33mWARNING[39m[22m in [1m[eslint] 
src\Dashboard.jsx
  Line 20:7:  'perceptRank' is assigned a value but never used  no-unused-vars

[39m[22m

webpack compiled with [1m[33m1 warning[39m[22m
Compiling...
Compiled with warnings.

[eslint] 
src\Dashboard.jsx
  Line 20:7:  'perceptRank' is assigned a value but never used  no-unused-vars

Search for the keywords to learn more about each warning.
To ignore, add // eslint-disable-next-line to the line before.

[1m[33mWARNING[39m[22m in [1m[eslint] 
src\Dashboard.jsx
  Line 20:7:  'perceptRank' is assigned a value but never used  no-unused-vars

[39m[22m

webpack compiled with [1m[33m1 warning[39m[22m
Compiling...
Compiled with warnings.

[eslint] 
src\Dashboard.jsx
  Line 20:7:    'perceptRank' is assigned a value but never used   no-unused-vars
  Line 120:11:  'isOverridden' is assigned a value but never used  no-unused-vars

Search for the keywords to learn more about each warning.
To ignore, add // eslint-disable-next-line to the line before.

[1m[33mWARNING[39m[22m in [1m[eslint] 
src\Dashboard.jsx
  Line 20:7:    'perceptRank' is assigned a value but never used   no-unused-vars
  Line 120:11:  'isOverridden' is assigned a value but never used  no-unused-vars

[39m[22m

webpack compiled with [1m[33m1 warning[39m[22m
Compiling...
Compiled with warnings.

[eslint] 
src\Dashboard.jsx
  Line 20:7:  'perceptRank' is assigned a value but never used  no-unused-vars

Search for the keywords to learn more about each warning.
To ignore, add // eslint-disable-next-line to the line before.

[1m[33mWARNING[39m[22m in [1m[eslint] 
src\Dashboard.jsx
  Line 20:7:  'perceptRank' is assigned a value but never used  no-unused-vars

[39m[22m

webpack compiled with [1m[33m1 warning[39m[22m
Compiling...
Compiled with warnings.

[eslint] 
src\Dashboard.jsx
  Line 20:7:  'perceptRank' is assigned a value but never used  no-unused-vars

Search for the keywords to learn more about each warning.
To ignore, add // eslint-disable-next-line to the line before.

[1m[33mWARNING[39m[22m in [1m[eslint] 
src\Dashboard.jsx
  Line 20:7:  'perceptRank' is assigned a value but never used  no-unused-vars

[39m[22m

webpack compiled with [1m[33m1 warning[39m[22m
Compiling...
Compiled with warnings.

[eslint] 
src\Dashboard.jsx
  Line 20:7:    'perceptRank' is assigned a value but never used     no-unused-vars
  Line 427:10:  'dEOverrides' is assigned a value but never used     no-unused-vars
  Line 427:23:  'setDEOverrides' is assigned a value but never used  no-unused-vars

Search for the keywords to learn more about each warning.
To ignore, add // eslint-disable-next-line to the line before.

[1m[33mWARNING[39m[22m in [1m[eslint] 
src\Dashboard.jsx
  Line 20:7:    'perceptRank' is assigned a value but never used     no-unused-vars
  Line 427:10:  'dEOverrides' is assigned a value but never used     no-unused-vars
  Line 427:23:  'setDEOverrides' is assigned a value but never used  no-unused-vars

[39m[22m

webpack compiled with [1m[33m1 warning[39m[22m
Compiling...
Compiled with warnings.

[eslint] 
src\Dashboard.jsx
  Line 20:7:    'perceptRank' is assigned a value but never used  no-unused-vars
  Line 427:10:  'dEOverrides' is assigned a value but never used  no-unused-vars

Search for the keywords to learn more about each warning.
To ignore, add // eslint-disable-next-line to the line before.

[1m[33mWARNING[39m[22m in [1m[eslint] 
src\Dashboard.jsx
  Line 20:7:    'perceptRank' is assigned a value but never used  no-unused-vars
  Line 427:10:  'dEOverrides' is assigned a value but never used  no-unused-vars

[39m[22m

webpack compiled with [1m[33m1 warning[39m[22m
Compiling...
Compiled with warnings.

[eslint] 
src\Dashboard.jsx
  Line 20:7:   'perceptRank' is assigned a value but never used             no-unused-vars
  Line 497:9:  'baselineDisplay' is assigned a value but never used         no-unused-vars
  Line 521:9:  'handleSetDeThreshold' is assigned a value but never used    no-unused-vars
  Line 528:9:  'handleClearDeThreshold' is assigned a value but never used  no-unused-vars

Search for the keywords to learn more about each warning.
To ignore, add // eslint-disable-next-line to the line before.

[1m[33mWARNING[39m[22m in [1m[eslint] 
src\Dashboard.jsx
  Line 20:7:   'perceptRank' is assigned a value but never used             no-unused-vars
  Line 497:9:  'baselineDisplay' is assigned a value but never used         no-unused-vars
  Line 521:9:  'handleSetDeThreshold' is assigned a value but never used    no-unused-vars
  Line 528:9:  'handleClearDeThreshold' is assigned a value but never used  no-unused-vars

[39m[22m

webpack compiled with [1m[33m1 warning[39m[22m
Compiling...
Compiled with warnings.

[eslint] 
src\Dashboard.jsx
  Line 20:7:  'perceptRank' is assigned a value but never used  no-unused-vars

Search for the keywords to learn more about each warning.
To ignore, add // eslint-disable-next-line to the line before.

[1m[33mWARNING[39m[22m in [1m[eslint] 
src\Dashboard.jsx
  Line 20:7:  'perceptRank' is assigned a value but never used  no-unused-vars

[39m[22m

webpack compiled with [1m[33m1 warning[39m[22m
Compiling...
Compiled with warnings.

[eslint] 
src\Dashboard.jsx
  Line 20:7:  'perceptRank' is assigned a value but never used  no-unused-vars

src\components\ResultsTabs.jsx
  Line 7:7:   'DEFAULT_DE_THRESHOLD' is assigned a value but never used  no-unused-vars
  Line 8:7:   'DE_MIN' is assigned a value but never used                no-unused-vars
  Line 9:7:   'DE_MAX' is assigned a value but never used                no-unused-vars
  Line 10:7:  'DE_STEP' is assigned a value but never used               no-unused-vars

Search for the keywords to learn more about each warning.
To ignore, add // eslint-disable-next-line to the line before.

[1m[33mWARNING[39m[22m in [1m[eslint] 
src\Dashboard.jsx
  Line 20:7:  'perceptRank' is assigned a value but never used  no-unused-vars

src\components\ResultsTabs.jsx
  Line 7:7:   'DEFAULT_DE_THRESHOLD' is assigned a value but never used  no-unused-vars
  Line 8:7:   'DE_MIN' is assigned a value but never used                no-unused-vars
  Line 9:7:   'DE_MAX' is assigned a value but never used                no-unused-vars
  Line 10:7:  'DE_STEP' is assigned a value but never used               no-unused-vars

[39m[22m

webpack compiled with [1m[33m1 warning[39m[22m
Compiling...
Compiled with warnings.

[eslint] 
src\Dashboard.jsx
  Line 20:7:  'perceptRank' is assigned a value but never used  no-unused-vars

src\components\ResultsTabs.jsx
  Line 6:7:     'perceptRank' is assigned a value but never used       no-unused-vars
  Line 8:7:     'DE_MIN' is assigned a value but never used            no-unused-vars
  Line 9:7:     'DE_MAX' is assigned a value but never used            no-unused-vars
  Line 10:7:    'DE_STEP' is assigned a value but never used           no-unused-vars
  Line 190:9:   'isOverridden' is assigned a value but never used      no-unused-vars
  Line 192:10:  'confirmOpen' is assigned a value but never used       no-unused-vars
  Line 195:9:   'dirty' is assigned a value but never used             no-unused-vars
  Line 216:9:   'onSliderChange' is assigned a value but never used    no-unused-vars
  Line 217:9:   'previewThreshold' is assigned a value but never used  no-unused-vars
  Line 218:9:   'cancelOverride' is assigned a value but never used    no-unused-vars
  Line 219:9:   'resetToDefault' is assigned a value but never used    no-unused-vars
  Line 223:9:   'confirmThreshold' is assigned a value but never used  no-unused-vars

Search for the keywords to learn more about each warning.
To ignore, add // eslint-disable-next-line to the line before.

[1m[33mWARNING[39m[22m in [1m[eslint] 
src\Dashboard.jsx
  Line 20:7:  'perceptRank' is assigned a value but never used  no-unused-vars

src\components\ResultsTabs.jsx
  Line 6:7:     'perceptRank' is assigned a value but never used       no-unused-vars
  Line 8:7:     'DE_MIN' is assigned a value but never used            no-unused-vars
  Line 9:7:     'DE_MAX' is assigned a value but never used            no-unused-vars
  Line 10:7:    'DE_STEP' is assigned a value but never used           no-unused-vars
  Line 190:9:   'isOverridden' is assigned a value but never used      no-unused-vars
  Line 192:10:  'confirmOpen' is assigned a value but never used       no-unused-vars
  Line 195:9:   'dirty' is assigned a value but never used             no-unused-vars
  Line 216:9:   'onSliderChange' is assigned a value but never used    no-unused-vars
  Line 217:9:   'previewThreshold' is assigned a value but never used  no-unused-vars
  Line 218:9:   'cancelOverride' is assigned a value but never used    no-unused-vars
  Line 219:9:   'resetToDefault' is assigned a value but never used    no-unused-vars
  Line 223:9:   'confirmThreshold' is assigned a value but never used  no-unused-vars

[39m[22m

webpack compiled with [1m[33m1 warning[39m[22m
Compiling...
Compiled with warnings.

[eslint] 
src\Dashboard.jsx
  Line 20:7:  'perceptRank' is assigned a value but never used  no-unused-vars

src\components\ResultsTabs.jsx
  Line 6:7:     'perceptRank' is assigned a value but never used       no-unused-vars
  Line 192:10:  'confirmOpen' is assigned a value but never used       no-unused-vars
  Line 223:9:   'confirmThreshold' is assigned a value but never used  no-unused-vars

Search for the keywords to learn more about each warning.
To ignore, add // eslint-disable-next-line to the line before.

[1m[33mWARNING[39m[22m in [1m[eslint] 
src\Dashboard.jsx
  Line 20:7:  'perceptRank' is assigned a value but never used  no-unused-vars

src\components\ResultsTabs.jsx
  Line 6:7:     'perceptRank' is assigned a value but never used       no-unused-vars
  Line 192:10:  'confirmOpen' is assigned a value but never used       no-unused-vars
  Line 223:9:   'confirmThreshold' is assigned a value but never used  no-unused-vars

[39m[22m

webpack compiled with [1m[33m1 warning[39m[22m
Compiling...
Compiled with warnings.

[eslint] 
src\Dashboard.jsx
  Line 20:7:   'perceptRank' is assigned a value but never used           no-unused-vars
  Line 536:9:  'previewWithThreshold' is assigned a value but never used  no-unused-vars

src\components\ResultsTabs.jsx
  Line 6:7:     'perceptRank' is assigned a value but never used       no-unused-vars
  Line 192:10:  'confirmOpen' is assigned a value but never used       no-unused-vars
  Line 223:9:   'confirmThreshold' is assigned a value but never used  no-unused-vars

Search for the keywords to learn more about each warning.
To ignore, add // eslint-disable-next-line to the line before.

[1m[33mWARNING[39m[22m in [1m[eslint] 
src\Dashboard.jsx
  Line 20:7:   'perceptRank' is assigned a value but never used           no-unused-vars
  Line 536:9:  'previewWithThreshold' is assigned a value but never used  no-unused-vars

src\components\ResultsTabs.jsx
  Line 6:7:     'perceptRank' is assigned a value but never used       no-unused-vars
  Line 192:10:  'confirmOpen' is assigned a value but never used       no-unused-vars
  Line 223:9:   'confirmThreshold' is assigned a value but never used  no-unused-vars

[39m[22m

webpack compiled with [1m[33m1 warning[39m[22m
Compiling...
Compiled with warnings.

[eslint] 
src\Dashboard.jsx
  Line 20:7:  'perceptRank' is assigned a value but never used  no-unused-vars

src\components\ResultsTabs.jsx
  Line 6:7:     'perceptRank' is assigned a value but never used       no-unused-vars
  Line 192:10:  'confirmOpen' is assigned a value but never used       no-unused-vars
  Line 223:9:   'confirmThreshold' is assigned a value but never used  no-unused-vars

Search for the keywords to learn more about each warning.
To ignore, add // eslint-disable-next-line to the line before.

[1m[33mWARNING[39m[22m in [1m[eslint] 
src\Dashboard.jsx
  Line 20:7:  'perceptRank' is assigned a value but never used  no-unused-vars

src\components\ResultsTabs.jsx
  Line 6:7:     'perceptRank' is assigned a value but never used       no-unused-vars
  Line 192:10:  'confirmOpen' is assigned a value but never used       no-unused-vars
  Line 223:9:   'confirmThreshold' is assigned a value but never used  no-unused-vars

[39m[22m

webpack compiled with [1m[33m1 warning[39m[22m
Compiling...
Compiled with warnings.

[eslint] 
src\Dashboard.jsx
  Line 20:7:  'perceptRank' is assigned a value but never used  no-unused-vars

src\components\ResultsTabs.jsx
  Line 6:7:     'perceptRank' is assigned a value but never used       no-unused-vars
  Line 192:10:  'confirmOpen' is assigned a value but never used       no-unused-vars
  Line 223:9:   'confirmThreshold' is assigned a value but never used  no-unused-vars

Search for the keywords to learn more about each warning.
To ignore, add // eslint-disable-next-line to the line before.

[1m[33mWARNING[39m[22m in [1m[eslint] 
src\Dashboard.jsx
  Line 20:7:  'perceptRank' is assigned a value but never used  no-unused-vars

src\components\ResultsTabs.jsx
  Line 6:7:     'perceptRank' is assigned a value but never used       no-unused-vars
  Line 192:10:  'confirmOpen' is assigned a value but never used       no-unused-vars
  Line 223:9:   'confirmThreshold' is assigned a value but never used  no-unused-vars

[39m[22m

webpack compiled with [1m[33m1 warning[39m[22m
Compiling...
Compiled with warnings.

[eslint] 
src\Dashboard.jsx
  Line 20:7:  'perceptRank' is assigned a value but never used  no-unused-vars

src\components\ResultsTabs.jsx
  Line 6:7:     'perceptRank' is assigned a value but never used          no-unused-vars
  Line 192:10:  'confirmOpen' is assigned a value but never used          no-unused-vars
  Line 223:9:   'confirmThreshold' is assigned a value but never used     no-unused-vars
  Line 684:9:   'baselineAllocByLine' is assigned a value but never used  no-unused-vars

Search for the keywords to learn more about each warning.
To ignore, add // eslint-disable-next-line to the line before.

[1m[33mWARNING[39m[22m in [1m[eslint] 
src\Dashboard.jsx
  Line 20:7:  'perceptRank' is assigned a value but never used  no-unused-vars

src\components\ResultsTabs.jsx
  Line 6:7:     'perceptRank' is assigned a value but never used          no-unused-vars
  Line 192:10:  'confirmOpen' is assigned a value but never used          no-unused-vars
  Line 223:9:   'confirmThreshold' is assigned a value but never used     no-unused-vars
  Line 684:9:   'baselineAllocByLine' is assigned a value but never used  no-unused-vars

[39m[22m

webpack compiled with [1m[33m1 warning[39m[22m
Compiling...
Compiled with warnings.

[eslint] 
src\Dashboard.jsx
  Line 20:7:  'perceptRank' is assigned a value but never used  no-unused-vars

src\components\ResultsTabs.jsx
  Line 6:7:     'perceptRank' is assigned a value but never used       no-unused-vars
  Line 192:10:  'confirmOpen' is assigned a value but never used       no-unused-vars
  Line 223:9:   'confirmThreshold' is assigned a value but never used  no-unused-vars

Search for the keywords to learn more about each warning.
To ignore, add // eslint-disable-next-line to the line before.

[1m[33mWARNING[39m[22m in [1m[eslint] 
src\Dashboard.jsx
  Line 20:7:  'perceptRank' is assigned a value but never used  no-unused-vars

src\components\ResultsTabs.jsx
  Line 6:7:     'perceptRank' is assigned a value but never used       no-unused-vars
  Line 192:10:  'confirmOpen' is assigned a value but never used       no-unused-vars
  Line 223:9:   'confirmThreshold' is assigned a value but never used  no-unused-vars

[39m[22m

webpack compiled with [1m[33m1 warning[39m[22m
Compiling...
Compiled with warnings.

[eslint] 
src\Dashboard.jsx
  Line 20:7:  'perceptRank' is assigned a value but never used  no-unused-vars

src\components\ResultsTabs.jsx
  Line 6:7:     'perceptRank' is assigned a value but never used       no-unused-vars
  Line 193:10:  'confirmOpen' is assigned a value but never used       no-unused-vars
  Line 224:9:   'confirmThreshold' is assigned a value but never used  no-unused-vars

Search for the keywords to learn more about each warning.
To ignore, add // eslint-disable-next-line to the line before.

[1m[33mWARNING[39m[22m in [1m[eslint] 
src\Dashboard.jsx
  Line 20:7:  'perceptRank' is assigned a value but never used  no-unused-vars

src\components\ResultsTabs.jsx
  Line 6:7:     'perceptRank' is assigned a value but never used       no-unused-vars
  Line 193:10:  'confirmOpen' is assigned a value but never used       no-unused-vars
  Line 224:9:   'confirmThreshold' is assigned a value but never used  no-unused-vars

[39m[22m

webpack compiled with [1m[33m1 warning[39m[22m
Compiling...
Compiled with warnings.

[eslint] 
src\Dashboard.jsx
  Line 20:7:  'perceptRank' is assigned a value but never used  no-unused-vars

src\components\ResultsTabs.jsx
  Line 6:7:  'perceptRank' is assigned a value but never used  no-unused-vars

Search for the keywords to learn more about each warning.
To ignore, add // eslint-disable-next-line to the line before.

[1m[33mWARNING[39m[22m in [1m[eslint] 
src\Dashboard.jsx
  Line 20:7:  'perceptRank' is assigned a value but never used  no-unused-vars

src\components\ResultsTabs.jsx
  Line 6:7:  'perceptRank' is assigned a value but never used  no-unused-vars

[39m[22m

webpack compiled with [1m[33m1 warning[39m[22m
Compiling...
Compiled with warnings.

[eslint] 
src\Dashboard.jsx
  Line 20:7:  'perceptRank' is assigned a value but never used  no-unused-vars

src\components\ResultsTabs.jsx
  Line 6:7:  'perceptRank' is assigned a value but never used  no-unused-vars

Search for the keywords to learn more about each warning.
To ignore, add // eslint-disable-next-line to the line before.

[1m[33mWARNING[39m[22m in [1m[eslint] 
src\Dashboard.jsx
  Line 20:7:  'perceptRank' is assigned a value but never used  no-unused-vars

src\components\ResultsTabs.jsx
  Line 6:7:  'perceptRank' is assigned a value but never used  no-unused-vars

[39m[22m

webpack compiled with [1m[33m1 warning[39m[22m
Compiling...
Compiled with warnings.

[eslint] 
src\components\ResultsTabs.jsx
  Line 6:7:  'perceptRank' is assigned a value but never used  no-unused-vars

Search for the keywords to learn more about each warning.
To ignore, add // eslint-disable-next-line to the line before.

[1m[33mWARNING[39m[22m in [1m[eslint] 
src\components\ResultsTabs.jsx
  Line 6:7:  'perceptRank' is assigned a value but never used  no-unused-vars

[39m[22m

webpack compiled with [1m[33m1 warning[39m[22m
Compiling...
Compiled successfully!
webpack compiled [1m[32msuccessfully[39m[22m
Compiling...
Compiled with warnings.

[eslint] 
src\components\ResultsTabs.jsx
  Line 4:10:  'recomputeConsensus' is defined but never used  no-unused-vars

Search for the keywords to learn more about each warning.
To ignore, add // eslint-disable-next-line to the line before.

[1m[33mWARNING[39m[22m in [1m[eslint] 
src\components\ResultsTabs.jsx
  Line 4:10:  'recomputeConsensus' is defined but never used  no-unused-vars

[39m[22m

webpack compiled with [1m[33m1 warning[39m[22m
Compiling...
Failed to compile.

Module not found: Error: Can't resolve '../utils/allocation' in 'C:\Users\AkashPatil\DCW SIOP\frontend\src\components'
[1m[33mWARNING[39m[22m in [1m[eslint] 
src\components\ResultsTabs.jsx
  Line 4:10:  'recomputeConsensus' is defined but never used  no-unused-vars
  Line 4:54:  'SHARED_DEFAULT_DE' is defined but never used   no-unused-vars

[39m[22m

[1m[31mERROR[39m[22m in [1m./src/components/ResultsTabs.jsx[39m[22m [1m[32m10:0-100[39m[22m
[1mModule [1m[31mnot found[39m[22m[1m: [1m[31mError[39m[22m[1m: Can't resolve '../utils/allocation' in 'C:\Users\AkashPatil\DCW SIOP\frontend\src\components'[39m[22m

webpack compiled with [1m[31m1 error[39m[22m and [1m[33m1 warning[39m[22m
Compiling...
Failed to compile.

Module not found: Error: Can't resolve '../utils/allocation' in 'C:\Users\AkashPatil\DCW SIOP\frontend\src\components'
[1m[33mWARNING[39m[22m in [1m[eslint] 
src\components\ResultsTabs.jsx
  Line 4:10:  'recomputeConsensus' is defined but never used  no-unused-vars

[39m[22m

[1m[31mERROR[39m[22m in [1m./src/components/ResultsTabs.jsx[39m[22m [1m[32m10:0-100[39m[22m
[1mModule [1m[31mnot found[39m[22m[1m: [1m[31mError[39m[22m[1m: Can't resolve '../utils/allocation' in 'C:\Users\AkashPatil\DCW SIOP\frontend\src\components'[39m[22m

webpack compiled with [1m[31m1 error[39m[22m and [1m[33m1 warning[39m[22m
Compiling...
Compiled with warnings.

[eslint] 
src\components\ResultsTabs.jsx
  Line 4:10:  'recomputeConsensus' is defined but never used  no-unused-vars

Search for the keywords to learn more about each warning.
To ignore, add // eslint-disable-next-line to the line before.

[1m[33mWARNING[39m[22m in [1m[eslint] 
src\components\ResultsTabs.jsx
  Line 4:10:  'recomputeConsensus' is defined but never used  no-unused-vars

[39m[22m

webpack compiled with [1m[33m1 warning[39m[22m
Compiling...
Failed to compile.

[eslint] 
src\Dashboard.jsx
Syntax error: Identifier 'DEFAULT_DE_THRESHOLD' has already been declared. (20:13) (20:13)
[1m[33mWARNING[39m[22m in [1m[eslint] 
src\components\ResultsTabs.jsx
  Line 4:10:  'recomputeConsensus' is defined but never used  no-unused-vars

[39m[22m

[1m[31mERROR[39m[22m in [1m./src/Dashboard.jsx[39m[22m
Module build failed (from ./node_modules/babel-loader/lib/index.js):
SyntaxError: C:\Users\AkashPatil\DCW SIOP\frontend\src\Dashboard.jsx: Identifier 'DEFAULT_DE_THRESHOLD' has already been declared. (20:13)

[0m [90m 18 |[39m )[33m;[39m
 [90m 19 |[39m
[31m[1m>[22m[39m[90m 20 |[39m [36mexport[39m [36mconst[39m [33mDEFAULT_DE_THRESHOLD[39m [33m=[39m [35m1.0[39m[33m;[39m
 [90m    |[39m              [31m[1m^[22m[39m
 [90m 21 |[39m
 [90m 22 |[39m [36mconst[39m rankBy [33m=[39m (items[33m,[39m key[33m,[39m higherBetter [33m=[39m [36mfalse[39m) [33m=>[39m {
 [90m 23 |[39m   [36mconst[39m valued [33m=[39m items[0m
    at constructor (C:\Users\AkashPatil\DCW SIOP\frontend\node_modules\@babel\parser\lib\index.js:367:19)
    at FlowParserMixin.raise (C:\Users\AkashPatil\DCW SIOP\frontend\node_modules\@babel\parser\lib\index.js:6624:19)
    at FlowScopeHandler.checkRedeclarationInScope (C:\Users\AkashPatil\DCW SIOP\frontend\node_modules\@babel\parser\lib\index.js:1646:19)
    at FlowScopeHandler.declareName (C:\Users\AkashPatil\DCW SIOP\frontend\node_modules\@babel\parser\lib\index.js:1612:12)
    at FlowScopeHandler.declareName (C:\Users\AkashPatil\DCW SIOP\frontend\node_modules\@babel\parser\lib\index.js:1713:11)
    at FlowParserMixin.declareNameFromIdentifier (C:\Users\AkashPatil\DCW SIOP\frontend\node_modules\@babel\parser\lib\index.js:7594:16)
    at FlowParserMixin.checkIdentifier (C:\Users\AkashPatil\DCW SIOP\frontend\node_modules\@babel\parser\lib\index.js:7590:12)
    at FlowParserMixin.checkLVal (C:\Users\AkashPatil\DCW SIOP\frontend\node_modules\@babel\parser\lib\index.js:7527:12)
    at FlowParserMixin.parseVarId (C:\Users\AkashPatil\DCW SIOP\frontend\node_modules\@babel\parser\lib\index.js:13488:10)
    at FlowParserMixin.parseVarId (C:\Users\AkashPatil\DCW SIOP\frontend\node_modules\@babel\parser\lib\index.js:3503:11)
    at FlowParserMixin.parseVar (C:\Users\AkashPatil\DCW SIOP\frontend\node_modules\@babel\parser\lib\index.js:13459:12)
    at FlowParserMixin.parseVarStatement (C:\Users\AkashPatil\DCW SIOP\frontend\node_modules\@babel\parser\lib\index.js:13306:10)
    at FlowParserMixin.parseStatementContent (C:\Users\AkashPatil\DCW SIOP\frontend\node_modules\@babel\parser\lib\index.js:12927:23)
    at FlowParserMixin.parseStatementLike (C:\Users\AkashPatil\DCW SIOP\frontend\node_modules\@babel\parser\lib\index.js:12843:17)
    at FlowParserMixin.parseStatementLike (C:\Users\AkashPatil\DCW SIOP\frontend\node_modules\@babel\parser\lib\index.js:2945:24)
    at FlowParserMixin.parseStatementListItem (C:\Users\AkashPatil\DCW SIOP\frontend\node_modules\@babel\parser\lib\index.js:12823:17)
    at FlowParserMixin.parseExportDeclaration (C:\Users\AkashPatil\DCW SIOP\frontend\node_modules\@babel\parser\lib\index.js:14010:17)
    at FlowParserMixin.parseExportDeclaration (C:\Users\AkashPatil\DCW SIOP\frontend\node_modules\@babel\parser\lib\index.js:3147:20)
    at FlowParserMixin.maybeParseExportDeclaration (C:\Users\AkashPatil\DCW SIOP\frontend\node_modules\@babel\parser\lib\index.js:13969:31)
    at FlowParserMixin.parseExport (C:\Users\AkashPatil\DCW SIOP\frontend\node_modules\@babel\parser\lib\index.js:13888:29)
    at FlowParserMixin.parseStatementContent (C:\Users\AkashPatil\DCW SIOP\frontend\node_modules\@babel\parser\lib\index.js:12954:27)
    at FlowParserMixin.parseStatementLike (C:\Users\AkashPatil\DCW SIOP\frontend\node_modules\@babel\parser\lib\index.js:12843:17)
    at FlowParserMixin.parseStatementLike (C:\Users\AkashPatil\DCW SIOP\frontend\node_modules\@babel\parser\lib\index.js:2945:24)
    at FlowParserMixin.parseModuleItem (C:\Users\AkashPatil\DCW SIOP\frontend\node_modules\@babel\parser\lib\index.js:12820:17)
    at FlowParserMixin.parseBlockOrModuleBlockBody (C:\Users\AkashPatil\DCW SIOP\frontend\node_modules\@babel\parser\lib\index.js:13392:36)
    at FlowParserMixin.parseBlockBody (C:\Users\AkashPatil\DCW SIOP\frontend\node_modules\@babel\parser\lib\index.js:13385:10)
    at FlowParserMixin.parseProgram (C:\Users\AkashPatil\DCW SIOP\frontend\node_modules\@babel\parser\lib\index.js:12698:10)
    at FlowParserMixin.parseTopLevel (C:\Users\AkashPatil\DCW SIOP\frontend\node_modules\@babel\parser\lib\index.js:12688:25)
    at FlowParserMixin.parseTopLevel (C:\Users\AkashPatil\DCW SIOP\frontend\node_modules\@babel\parser\lib\index.js:3714:28)
    at FlowParserMixin.parse (C:\Users\AkashPatil\DCW SIOP\frontend\node_modules\@babel\parser\lib\index.js:14568:25)
    at parse (C:\Users\AkashPatil\DCW SIOP\frontend\node_modules\@babel\parser\lib\index.js:14602:38)
    at parser (C:\Users\AkashPatil\DCW SIOP\frontend\node_modules\@babel\core\lib\parser\index.js:41:34)
    at parser.next (<anonymous>)
    at normalizeFile (C:\Users\AkashPatil\DCW SIOP\frontend\node_modules\@babel\core\lib\transformation\normalize-file.js:64:37)
    at normalizeFile.next (<anonymous>)
    at run (C:\Users\AkashPatil\DCW SIOP\frontend\node_modules\@babel\core\lib\transformation\index.js:22:50)
    at run.next (<anonymous>)
    at transform (C:\Users\AkashPatil\DCW SIOP\frontend\node_modules\@babel\core\lib\transform.js:22:33)
    at transform.next (<anonymous>)
    at step (C:\Users\AkashPatil\DCW SIOP\frontend\node_modules\gensync\index.js:261:32)
    at C:\Users\AkashPatil\DCW SIOP\frontend\node_modules\gensync\index.js:273:13
    at async.call.result.err.err (C:\Users\AkashPatil\DCW SIOP\frontend\node_modules\gensync\index.js:223:11)

[1m[31mERROR[39m[22m in [1m[eslint] 
src\Dashboard.jsx
  Line 20:13:  Parsing [1m[31merror[39m[22m[1m: Identifier 'DEFAULT_DE_THRESHOLD' has already been declared. (20:13)

[39m[22m

webpack compiled with [1m[31m2 errors[39m[22m and [1m[33m1 warning[39m[22m
Compiling...
Compiled with warnings.

[eslint] 
src\components\ResultsTabs.jsx
  Line 4:10:  'recomputeConsensus' is defined but never used  no-unused-vars

Search for the keywords to learn more about each warning.
To ignore, add // eslint-disable-next-line to the line before.

[1m[33mWARNING[39m[22m in [1m[eslint] 
src\components\ResultsTabs.jsx
  Line 4:10:  'recomputeConsensus' is defined but never used  no-unused-vars

[39m[22m

webpack compiled with [1m[33m1 warning[39m[22m
Compiling...
Compiled successfully!
webpack compiled [1m[32msuccessfully[39m[22m
Compiling...
Compiled successfully!
webpack compiled [1m[32msuccessfully[39m[22m
Compiling...
Compiled successfully!
webpack compiled [1m[32msuccessfully[39m[22m
Compiling...
Compiled successfully!
webpack compiled [1m[32msuccessfully[39m[22m
Compiling...
Compiled successfully!
webpack compiled [1m[32msuccessfully[39m[22m
Compiling...
Compiled successfully!
webpack compiled [1m[32msuccessfully[39m[22m
Compiling...
Compiled successfully!
webpack compiled [1m[32msuccessfully[39m[22m
Compiling...
Compiled successfully!
webpack compiled [1m[32msuccessfully[39m[22m
Compiling...
Compiled successfully!
webpack compiled [1m[32msuccessfully[39m[22m
Compiling...
Compiled with warnings.

[eslint] 
src\utils\allocation.js
  Line 4:7:  'perceptRank' is assigned a value but never used  no-unused-vars

Search for the keywords to learn more about each warning.
To ignore, add // eslint-disable-next-line to the line before.

[1m[33mWARNING[39m[22m in [1m[eslint] 
src\utils\allocation.js
  Line 4:7:  'perceptRank' is assigned a value but never used  no-unused-vars

[39m[22m

webpack compiled with [1m[33m1 warning[39m[22m
Compiling...
Compiled successfully!
webpack compiled [1m[32msuccessfully[39m[22m
Compiling...
Compiled with warnings.

[eslint] 
src\components\ResultsTabs.jsx
  Line 4:30:  'filterCandidatesByThreshold' is defined but never used  no-unused-vars

Search for the keywords to learn more about each warning.
To ignore, add // eslint-disable-next-line to the line before.

[1m[33mWARNING[39m[22m in [1m[eslint] 
src\components\ResultsTabs.jsx
  Line 4:30:  'filterCandidatesByThreshold' is defined but never used  no-unused-vars

[39m[22m

webpack compiled with [1m[33m1 warning[39m[22m
Compiling...
Compiled successfully!
webpack compiled [1m[32msuccessfully[39m[22m
Compiling...
Compiled successfully!
webpack compiled [1m[32msuccessfully[39m[22m
Compiling...
Compiled successfully!
webpack compiled [1m[32msuccessfully[39m[22m
Compiling...
Compiled successfully!
webpack compiled [1m[32msuccessfully[39m[22m
Compiling...
Compiled successfully!
webpack compiled [1m[32msuccessfully[39m[22m
Compiling...
Compiled successfully!
webpack compiled [1m[32msuccessfully[39m[22m
