============================================================
Standard-First Inventory Allocation API
============================================================
Dataset loaded: True
inventory_lots: 56
standard_profiles: 6
lot_test_results: 153
invoice_headers: 246
invoice_lines: 100
============================================================
 * Serving Flask app 'app'
 * Debug mode: on
============================================================
Standard-First Inventory Allocation API
============================================================
Dataset loaded: True
inventory_lots: 56
standard_profiles: 6
lot_test_results: 153
invoice_headers: 246
invoice_lines: 100
============================================================
============================================================
Standard-First Inventory Allocation API
============================================================
Dataset loaded: True
inventory_lots: 56
standard_profiles: 10
lot_test_results: 153
invoice_headers: 246
invoice_lines: 100
============================================================
============================================================
Standard-First Inventory Allocation API
============================================================
Dataset loaded: True
inventory_lots: 56
standard_profiles: 10
lot_test_results: 153
invoice_headers: 246
invoice_lines: 100
============================================================
============================================================
Standard-First Inventory Allocation API
============================================================
Dataset loaded: True
inventory_lots: 56
standard_profiles: 10
lot_test_results: 153
invoice_headers: 246
invoice_lines: 100
============================================================
============================================================
Standard-First Inventory Allocation API
============================================================
Dataset loaded: True
inventory_lots: 174
standard_profiles: 10
lot_test_results: 625
invoice_headers: 246
invoice_lines: 100
============================================================
============================================================
Standard-First Inventory Allocation API
============================================================
Dataset loaded: True
inventory_lots: 174
standard_profiles: 10
lot_test_results: 625
invoice_headers: 246
invoice_lines: 100
============================================================
============================================================
Standard-First Inventory Allocation API
============================================================
Dataset loaded: True
inventory_lots: 174
standard_profiles: 10
lot_test_results: 625
invoice_headers: 246
invoice_lines: 100
============================================================
============================================================
Standard-First Inventory Allocation API
============================================================
Dataset loaded: True
inventory_lots: 174
standard_profiles: 20
lot_test_results: 625
invoice_headers: 246
invoice_lines: 100
============================================================
============================================================
Standard-First Inventory Allocation API
============================================================
Dataset loaded: True
inventory_lots: 174
standard_profiles: 20
lot_test_results: 625
invoice_headers: 246
invoice_lines: 100
============================================================
============================================================
Standard-First Inventory Allocation API
============================================================
Dataset loaded: True
inventory_lots: 174
standard_profiles: 20
lot_test_results: 625
invoice_headers: 246
invoice_lines: 100
============================================================
============================================================
Standard-First Inventory Allocation API
============================================================
Dataset loaded: True
inventory_lots: 174
standard_profiles: 20
lot_test_results: 625
invoice_headers: 246
invoice_lines: 100
============================================================
============================================================
Standard-First Inventory Allocation API
============================================================
Dataset loaded: True
inventory_lots: 174
standard_profiles: 20
lot_test_results: 625
invoice_headers: 246
invoice_lines: 100
============================================================
============================================================
Standard-First Inventory Allocation API
============================================================
Dataset loaded: True
inventory_lots: 174
standard_profiles: 20
lot_test_results: 625
invoice_headers: 246
invoice_lines: 100
============================================================
============================================================
Standard-First Inventory Allocation API
============================================================
Dataset loaded: True
inventory_lots: 174
standard_profiles: 20
lot_test_results: 625
invoice_headers: 246
invoice_lines: 100
============================================================
============================================================
Standard-First Inventory Allocation API
============================================================
Dataset loaded: True
inventory_lots: 174
standard_profiles: 20
lot_test_results: 625
invoice_headers: 246
invoice_lines: 100
============================================================
============================================================
Standard-First Inventory Allocation API
============================================================
Dataset loaded: True
inventory_lots: 174
standard_profiles: 20
lot_test_results: 625
invoice_headers: 246
invoice_lines: 100
============================================================
============================================================
Standard-First Inventory Allocation API
============================================================
Dataset loaded: True
inventory_lots: 174
standard_profiles: 20
lot_test_results: 625
invoice_headers: 246
invoice_lines: 100
============================================================
============================================================
Standard-First Inventory Allocation API
============================================================
Dataset loaded: True
inventory_lots: 174
standard_profiles: 20
lot_test_results: 625
invoice_headers: 246
invoice_lines: 100
============================================================
============================================================
Standard-First Inventory Allocation API
============================================================
Dataset loaded: True
inventory_lots: 174
standard_profiles: 20
lot_test_results: 625
invoice_headers: 246
invoice_lines: 100
============================================================
============================================================
Standard-First Inventory Allocation API
============================================================
Dataset loaded: True
inventory_lots: 174
standard_profiles: 20
lot_test_results: 625
invoice_headers: 246
invoice_lines: 100
============================================================
============================================================
Standard-First Inventory Allocation API
============================================================
Dataset loaded: True
inventory_lots: 174
standard_profiles: 20
lot_test_results: 625
invoice_headers: 246
invoice_lines: 100
============================================================
